
 /----------------------------------------------------------------------------\
 |                                                                            |
 |  yosys -- Yosys Open SYnthesis Suite                                       |
 |                                                                            |
 |  Copyright (C) 2012 - 2020  Claire Xenia Wolf <claire@yosyshq.com>         |
 |                                                                            |
 |  Permission to use, copy, modify, and/or distribute this software for any  |
 |  purpose with or without fee is hereby granted, provided that the above    |
 |  copyright notice and this permission notice appear in all copies.         |
 |                                                                            |
 |  THE SOFTWARE IS PROVIDED "AS IS" AND THE AUTHOR DISCLAIMS ALL WARRANTIES  |
 |  WITH REGARD TO THIS SOFTWARE INCLUDING ALL IMPLIED WARRANTIES OF          |
 |  MERCHANTABILITY AND FITNESS. IN NO EVENT SHALL THE AUTHOR BE LIABLE FOR   |
 |  ANY SPECIAL, DIRECT, INDIRECT, OR CONSEQUENTIAL DAMAGES OR ANY DAMAGES    |
 |  WHATSOEVER RESULTING FROM LOSS OF USE, DATA OR PROFITS, WHETHER IN AN     |
 |  ACTION OF CONTRACT, NEGLIGENCE OR OTHER TORTIOUS ACTION, ARISING OUT OF   |
 |  OR IN CONNECTION WITH THE USE OR PERFORMANCE OF THIS SOFTWARE.            |
 |                                                                            |
 \----------------------------------------------------------------------------/

 Yosys 0.26+1 (git sha1 b1a011138, x86_64-w64-mingw32-g++ 9.2.1 -Os)


-- Running command `read_verilog -sv ../design/bin_a_7seg.sv ../design/generador_error.sv ../design/top.sv ; synth_gowin -top top -json Transmisor.json' --

1. Executing Verilog-2005 frontend: ../design/bin_a_7seg.sv
Parsing SystemVerilog input from `../design/bin_a_7seg.sv' to AST representation.
Generating RTLIL representation for module `\bin_a_7seg'.
Successfully finished Verilog frontend.

2. Executing Verilog-2005 frontend: ../design/generador_error.sv
Parsing SystemVerilog input from `../design/generador_error.sv' to AST representation.
Generating RTLIL representation for module `\generador_error'.
Successfully finished Verilog frontend.

3. Executing Verilog-2005 frontend: ../design/top.sv
Parsing SystemVerilog input from `../design/top.sv' to AST representation.
Generating RTLIL representation for module `\top'.
Successfully finished Verilog frontend.

4. Executing SYNTH_GOWIN pass.

4.1. Executing Verilog-2005 frontend: C:\Users\galve\DOWNLO~1\oss-cad-suite\bin\../share/yosys/gowin/cells_sim.v
Parsing Verilog input from `C:\Users\galve\DOWNLO~1\oss-cad-suite\bin\../share/yosys/gowin/cells_sim.v' to AST representation.
Generating RTLIL representation for module `\LUT1'.
Generating RTLIL representation for module `\LUT2'.
Generating RTLIL representation for module `\LUT3'.
Generating RTLIL representation for module `\LUT4'.
Generating RTLIL representation for module `\__APICULA_LUT5'.
Generating RTLIL representation for module `\__APICULA_LUT6'.
Generating RTLIL representation for module `\__APICULA_LUT7'.
Generating RTLIL representation for module `\__APICULA_LUT8'.
Generating RTLIL representation for module `\MUX2'.
Generating RTLIL representation for module `\MUX2_LUT5'.
Generating RTLIL representation for module `\MUX2_LUT6'.
Generating RTLIL representation for module `\MUX2_LUT7'.
Generating RTLIL representation for module `\MUX2_LUT8'.
Generating RTLIL representation for module `\DFF'.
Generating RTLIL representation for module `\DFFE'.
Generating RTLIL representation for module `\DFFS'.
Generating RTLIL representation for module `\DFFSE'.
Generating RTLIL representation for module `\DFFR'.
Generating RTLIL representation for module `\DFFRE'.
Generating RTLIL representation for module `\DFFP'.
Generating RTLIL representation for module `\DFFPE'.
Generating RTLIL representation for module `\DFFC'.
Generating RTLIL representation for module `\DFFCE'.
Generating RTLIL representation for module `\DFFN'.
Generating RTLIL representation for module `\DFFNE'.
Generating RTLIL representation for module `\DFFNS'.
Generating RTLIL representation for module `\DFFNSE'.
Generating RTLIL representation for module `\DFFNR'.
Generating RTLIL representation for module `\DFFNRE'.
Generating RTLIL representation for module `\DFFNP'.
Generating RTLIL representation for module `\DFFNPE'.
Generating RTLIL representation for module `\DFFNC'.
Generating RTLIL representation for module `\DFFNCE'.
Generating RTLIL representation for module `\VCC'.
Generating RTLIL representation for module `\GND'.
Generating RTLIL representation for module `\IBUF'.
Generating RTLIL representation for module `\OBUF'.
Generating RTLIL representation for module `\TBUF'.
Generating RTLIL representation for module `\IOBUF'.
Generating RTLIL representation for module `\TLVDS_OBUF'.
Generating RTLIL representation for module `\ODDR'.
Generating RTLIL representation for module `\ODDRC'.
Generating RTLIL representation for module `\GSR'.
Generating RTLIL representation for module `\ALU'.
Generating RTLIL representation for module `\RAM16S1'.
Generating RTLIL representation for module `\RAM16S2'.
Generating RTLIL representation for module `\RAM16S4'.
Generating RTLIL representation for module `\RAM16SDP1'.
Generating RTLIL representation for module `\RAM16SDP2'.
Generating RTLIL representation for module `\RAM16SDP4'.
Generating RTLIL representation for module `\SP'.
Generating RTLIL representation for module `\SPX9'.
Generating RTLIL representation for module `\SDP'.
Generating RTLIL representation for module `\SDPX9'.
Generating RTLIL representation for module `\DP'.
Generating RTLIL representation for module `\DPX9'.
Generating RTLIL representation for module `\rPLL'.
Generating RTLIL representation for module `\PLLVR'.
Generating RTLIL representation for module `\OSC'.
Generating RTLIL representation for module `\OSCZ'.
Generating RTLIL representation for module `\OSCF'.
Generating RTLIL representation for module `\OSCH'.
Successfully finished Verilog frontend.

4.2. Executing HIERARCHY pass (managing design hierarchy).

4.2.1. Analyzing design hierarchy..
Top module:  \top
Used module:     \generador_error
Used module:     \bin_a_7seg

4.2.2. Analyzing design hierarchy..
Top module:  \top
Used module:     \generador_error
Used module:     \bin_a_7seg
Removed 0 unused modules.

4.3. Executing PROC pass (convert processes to netlists).

4.3.1. Executing PROC_CLEAN pass (remove empty switches from decision trees).
Found and cleaned up 1 empty switch in `\ALU.$proc$C:\Users\galve\DOWNLO~1\oss-cad-suite\bin\../share/yosys/gowin/cells_sim.v:661$237'.
Cleaned up 1 empty switch.

4.3.2. Executing PROC_RMDEAD pass (remove dead branches from decision trees).
Marked 1 switch rules as full_case in process $proc$C:\Users\galve\DOWNLO~1\oss-cad-suite\bin\../share/yosys/gowin/cells_sim.v:535$233 in module DFFNCE.
Marked 1 switch rules as full_case in process $proc$C:\Users\galve\DOWNLO~1\oss-cad-suite\bin\../share/yosys/gowin/cells_sim.v:515$231 in module DFFNC.
Marked 1 switch rules as full_case in process $proc$C:\Users\galve\DOWNLO~1\oss-cad-suite\bin\../share/yosys/gowin/cells_sim.v:496$229 in module DFFNPE.
Marked 1 switch rules as full_case in process $proc$C:\Users\galve\DOWNLO~1\oss-cad-suite\bin\../share/yosys/gowin/cells_sim.v:476$227 in module DFFNP.
Marked 1 switch rules as full_case in process $proc$C:\Users\galve\DOWNLO~1\oss-cad-suite\bin\../share/yosys/gowin/cells_sim.v:457$225 in module DFFNRE.
Marked 1 switch rules as full_case in process $proc$C:\Users\galve\DOWNLO~1\oss-cad-suite\bin\../share/yosys/gowin/cells_sim.v:437$223 in module DFFNR.
Marked 1 switch rules as full_case in process $proc$C:\Users\galve\DOWNLO~1\oss-cad-suite\bin\../share/yosys/gowin/cells_sim.v:418$221 in module DFFNSE.
Marked 1 switch rules as full_case in process $proc$C:\Users\galve\DOWNLO~1\oss-cad-suite\bin\../share/yosys/gowin/cells_sim.v:398$219 in module DFFNS.
Marked 1 switch rules as full_case in process $proc$C:\Users\galve\DOWNLO~1\oss-cad-suite\bin\../share/yosys/gowin/cells_sim.v:348$213 in module DFFCE.
Marked 1 switch rules as full_case in process $proc$C:\Users\galve\DOWNLO~1\oss-cad-suite\bin\../share/yosys/gowin/cells_sim.v:328$211 in module DFFC.
Marked 1 switch rules as full_case in process $proc$C:\Users\galve\DOWNLO~1\oss-cad-suite\bin\../share/yosys/gowin/cells_sim.v:309$209 in module DFFPE.
Marked 1 switch rules as full_case in process $proc$C:\Users\galve\DOWNLO~1\oss-cad-suite\bin\../share/yosys/gowin/cells_sim.v:289$207 in module DFFP.
Marked 1 switch rules as full_case in process $proc$C:\Users\galve\DOWNLO~1\oss-cad-suite\bin\../share/yosys/gowin/cells_sim.v:270$205 in module DFFRE.
Marked 1 switch rules as full_case in process $proc$C:\Users\galve\DOWNLO~1\oss-cad-suite\bin\../share/yosys/gowin/cells_sim.v:250$203 in module DFFR.
Marked 1 switch rules as full_case in process $proc$C:\Users\galve\DOWNLO~1\oss-cad-suite\bin\../share/yosys/gowin/cells_sim.v:231$201 in module DFFSE.
Marked 1 switch rules as full_case in process $proc$C:\Users\galve\DOWNLO~1\oss-cad-suite\bin\../share/yosys/gowin/cells_sim.v:211$199 in module DFFS.
Removed 1 dead cases from process $proc$../design/bin_a_7seg.sv:0$1 in module bin_a_7seg.
Marked 1 switch rules as full_case in process $proc$../design/bin_a_7seg.sv:0$1 in module bin_a_7seg.
Removed a total of 1 dead cases.

4.3.3. Executing PROC_PRUNE pass (remove redundant assignments in processes).
Removed 8 redundant assignments.
Promoted 27 assignments to connections.

4.3.4. Executing PROC_INIT pass (extract init attributes).
Found init rule in `\DFFNCE.$proc$C:\Users\galve\DOWNLO~1\oss-cad-suite\bin\../share/yosys/gowin/cells_sim.v:0$234'.
  Set init value: \Q = 1'0
Found init rule in `\DFFNC.$proc$C:\Users\galve\DOWNLO~1\oss-cad-suite\bin\../share/yosys/gowin/cells_sim.v:0$232'.
  Set init value: \Q = 1'0
Found init rule in `\DFFNPE.$proc$C:\Users\galve\DOWNLO~1\oss-cad-suite\bin\../share/yosys/gowin/cells_sim.v:0$230'.
  Set init value: \Q = 1'1
Found init rule in `\DFFNP.$proc$C:\Users\galve\DOWNLO~1\oss-cad-suite\bin\../share/yosys/gowin/cells_sim.v:0$228'.
  Set init value: \Q = 1'1
Found init rule in `\DFFNRE.$proc$C:\Users\galve\DOWNLO~1\oss-cad-suite\bin\../share/yosys/gowin/cells_sim.v:0$226'.
  Set init value: \Q = 1'0
Found init rule in `\DFFNR.$proc$C:\Users\galve\DOWNLO~1\oss-cad-suite\bin\../share/yosys/gowin/cells_sim.v:0$224'.
  Set init value: \Q = 1'0
Found init rule in `\DFFNSE.$proc$C:\Users\galve\DOWNLO~1\oss-cad-suite\bin\../share/yosys/gowin/cells_sim.v:0$222'.
  Set init value: \Q = 1'1
Found init rule in `\DFFNS.$proc$C:\Users\galve\DOWNLO~1\oss-cad-suite\bin\../share/yosys/gowin/cells_sim.v:0$220'.
  Set init value: \Q = 1'1
Found init rule in `\DFFNE.$proc$C:\Users\galve\DOWNLO~1\oss-cad-suite\bin\../share/yosys/gowin/cells_sim.v:0$218'.
  Set init value: \Q = 1'0
Found init rule in `\DFFN.$proc$C:\Users\galve\DOWNLO~1\oss-cad-suite\bin\../share/yosys/gowin/cells_sim.v:0$216'.
  Set init value: \Q = 1'0
Found init rule in `\DFFCE.$proc$C:\Users\galve\DOWNLO~1\oss-cad-suite\bin\../share/yosys/gowin/cells_sim.v:0$214'.
  Set init value: \Q = 1'0
Found init rule in `\DFFC.$proc$C:\Users\galve\DOWNLO~1\oss-cad-suite\bin\../share/yosys/gowin/cells_sim.v:0$212'.
  Set init value: \Q = 1'0
Found init rule in `\DFFPE.$proc$C:\Users\galve\DOWNLO~1\oss-cad-suite\bin\../share/yosys/gowin/cells_sim.v:0$210'.
  Set init value: \Q = 1'1
Found init rule in `\DFFP.$proc$C:\Users\galve\DOWNLO~1\oss-cad-suite\bin\../share/yosys/gowin/cells_sim.v:0$208'.
  Set init value: \Q = 1'1
Found init rule in `\DFFRE.$proc$C:\Users\galve\DOWNLO~1\oss-cad-suite\bin\../share/yosys/gowin/cells_sim.v:0$206'.
  Set init value: \Q = 1'0
Found init rule in `\DFFR.$proc$C:\Users\galve\DOWNLO~1\oss-cad-suite\bin\../share/yosys/gowin/cells_sim.v:0$204'.
  Set init value: \Q = 1'0
Found init rule in `\DFFSE.$proc$C:\Users\galve\DOWNLO~1\oss-cad-suite\bin\../share/yosys/gowin/cells_sim.v:0$202'.
  Set init value: \Q = 1'1
Found init rule in `\DFFS.$proc$C:\Users\galve\DOWNLO~1\oss-cad-suite\bin\../share/yosys/gowin/cells_sim.v:0$200'.
  Set init value: \Q = 1'1
Found init rule in `\DFFE.$proc$C:\Users\galve\DOWNLO~1\oss-cad-suite\bin\../share/yosys/gowin/cells_sim.v:0$198'.
  Set init value: \Q = 1'0
Found init rule in `\DFF.$proc$C:\Users\galve\DOWNLO~1\oss-cad-suite\bin\../share/yosys/gowin/cells_sim.v:0$196'.
  Set init value: \Q = 1'0

4.3.5. Executing PROC_ARST pass (detect async resets in processes).
Found async reset \CLEAR in `\DFFNCE.$proc$C:\Users\galve\DOWNLO~1\oss-cad-suite\bin\../share/yosys/gowin/cells_sim.v:535$233'.
Found async reset \CLEAR in `\DFFNC.$proc$C:\Users\galve\DOWNLO~1\oss-cad-suite\bin\../share/yosys/gowin/cells_sim.v:515$231'.
Found async reset \PRESET in `\DFFNPE.$proc$C:\Users\galve\DOWNLO~1\oss-cad-suite\bin\../share/yosys/gowin/cells_sim.v:496$229'.
Found async reset \PRESET in `\DFFNP.$proc$C:\Users\galve\DOWNLO~1\oss-cad-suite\bin\../share/yosys/gowin/cells_sim.v:476$227'.
Found async reset \CLEAR in `\DFFCE.$proc$C:\Users\galve\DOWNLO~1\oss-cad-suite\bin\../share/yosys/gowin/cells_sim.v:348$213'.
Found async reset \CLEAR in `\DFFC.$proc$C:\Users\galve\DOWNLO~1\oss-cad-suite\bin\../share/yosys/gowin/cells_sim.v:328$211'.
Found async reset \PRESET in `\DFFPE.$proc$C:\Users\galve\DOWNLO~1\oss-cad-suite\bin\../share/yosys/gowin/cells_sim.v:309$209'.
Found async reset \PRESET in `\DFFP.$proc$C:\Users\galve\DOWNLO~1\oss-cad-suite\bin\../share/yosys/gowin/cells_sim.v:289$207'.

4.3.6. Executing PROC_ROM pass (convert switches to ROMs).
Converted 1 switch.
<suppressed ~18 debug messages>

4.3.7. Executing PROC_MUX pass (convert decision trees to multiplexers).
Creating decoders for process `\ALU.$proc$C:\Users\galve\DOWNLO~1\oss-cad-suite\bin\../share/yosys/gowin/cells_sim.v:661$237'.
Creating decoders for process `\DFFNCE.$proc$C:\Users\galve\DOWNLO~1\oss-cad-suite\bin\../share/yosys/gowin/cells_sim.v:0$234'.
Creating decoders for process `\DFFNCE.$proc$C:\Users\galve\DOWNLO~1\oss-cad-suite\bin\../share/yosys/gowin/cells_sim.v:535$233'.
     1/1: $0\Q[0:0]
Creating decoders for process `\DFFNC.$proc$C:\Users\galve\DOWNLO~1\oss-cad-suite\bin\../share/yosys/gowin/cells_sim.v:0$232'.
Creating decoders for process `\DFFNC.$proc$C:\Users\galve\DOWNLO~1\oss-cad-suite\bin\../share/yosys/gowin/cells_sim.v:515$231'.
     1/1: $0\Q[0:0]
Creating decoders for process `\DFFNPE.$proc$C:\Users\galve\DOWNLO~1\oss-cad-suite\bin\../share/yosys/gowin/cells_sim.v:0$230'.
Creating decoders for process `\DFFNPE.$proc$C:\Users\galve\DOWNLO~1\oss-cad-suite\bin\../share/yosys/gowin/cells_sim.v:496$229'.
     1/1: $0\Q[0:0]
Creating decoders for process `\DFFNP.$proc$C:\Users\galve\DOWNLO~1\oss-cad-suite\bin\../share/yosys/gowin/cells_sim.v:0$228'.
Creating decoders for process `\DFFNP.$proc$C:\Users\galve\DOWNLO~1\oss-cad-suite\bin\../share/yosys/gowin/cells_sim.v:476$227'.
     1/1: $0\Q[0:0]
Creating decoders for process `\DFFNRE.$proc$C:\Users\galve\DOWNLO~1\oss-cad-suite\bin\../share/yosys/gowin/cells_sim.v:0$226'.
Creating decoders for process `\DFFNRE.$proc$C:\Users\galve\DOWNLO~1\oss-cad-suite\bin\../share/yosys/gowin/cells_sim.v:457$225'.
     1/1: $0\Q[0:0]
Creating decoders for process `\DFFNR.$proc$C:\Users\galve\DOWNLO~1\oss-cad-suite\bin\../share/yosys/gowin/cells_sim.v:0$224'.
Creating decoders for process `\DFFNR.$proc$C:\Users\galve\DOWNLO~1\oss-cad-suite\bin\../share/yosys/gowin/cells_sim.v:437$223'.
     1/1: $0\Q[0:0]
Creating decoders for process `\DFFNSE.$proc$C:\Users\galve\DOWNLO~1\oss-cad-suite\bin\../share/yosys/gowin/cells_sim.v:0$222'.
Creating decoders for process `\DFFNSE.$proc$C:\Users\galve\DOWNLO~1\oss-cad-suite\bin\../share/yosys/gowin/cells_sim.v:418$221'.
     1/1: $0\Q[0:0]
Creating decoders for process `\DFFNS.$proc$C:\Users\galve\DOWNLO~1\oss-cad-suite\bin\../share/yosys/gowin/cells_sim.v:0$220'.
Creating decoders for process `\DFFNS.$proc$C:\Users\galve\DOWNLO~1\oss-cad-suite\bin\../share/yosys/gowin/cells_sim.v:398$219'.
     1/1: $0\Q[0:0]
Creating decoders for process `\DFFNE.$proc$C:\Users\galve\DOWNLO~1\oss-cad-suite\bin\../share/yosys/gowin/cells_sim.v:0$218'.
Creating decoders for process `\DFFNE.$proc$C:\Users\galve\DOWNLO~1\oss-cad-suite\bin\../share/yosys/gowin/cells_sim.v:381$217'.
     1/1: $0\Q[0:0]
Creating decoders for process `\DFFN.$proc$C:\Users\galve\DOWNLO~1\oss-cad-suite\bin\../share/yosys/gowin/cells_sim.v:0$216'.
Creating decoders for process `\DFFN.$proc$C:\Users\galve\DOWNLO~1\oss-cad-suite\bin\../share/yosys/gowin/cells_sim.v:366$215'.
Creating decoders for process `\DFFCE.$proc$C:\Users\galve\DOWNLO~1\oss-cad-suite\bin\../share/yosys/gowin/cells_sim.v:0$214'.
Creating decoders for process `\DFFCE.$proc$C:\Users\galve\DOWNLO~1\oss-cad-suite\bin\../share/yosys/gowin/cells_sim.v:348$213'.
     1/1: $0\Q[0:0]
Creating decoders for process `\DFFC.$proc$C:\Users\galve\DOWNLO~1\oss-cad-suite\bin\../share/yosys/gowin/cells_sim.v:0$212'.
Creating decoders for process `\DFFC.$proc$C:\Users\galve\DOWNLO~1\oss-cad-suite\bin\../share/yosys/gowin/cells_sim.v:328$211'.
     1/1: $0\Q[0:0]
Creating decoders for process `\DFFPE.$proc$C:\Users\galve\DOWNLO~1\oss-cad-suite\bin\../share/yosys/gowin/cells_sim.v:0$210'.
Creating decoders for process `\DFFPE.$proc$C:\Users\galve\DOWNLO~1\oss-cad-suite\bin\../share/yosys/gowin/cells_sim.v:309$209'.
     1/1: $0\Q[0:0]
Creating decoders for process `\DFFP.$proc$C:\Users\galve\DOWNLO~1\oss-cad-suite\bin\../share/yosys/gowin/cells_sim.v:0$208'.
Creating decoders for process `\DFFP.$proc$C:\Users\galve\DOWNLO~1\oss-cad-suite\bin\../share/yosys/gowin/cells_sim.v:289$207'.
     1/1: $0\Q[0:0]
Creating decoders for process `\DFFRE.$proc$C:\Users\galve\DOWNLO~1\oss-cad-suite\bin\../share/yosys/gowin/cells_sim.v:0$206'.
Creating decoders for process `\DFFRE.$proc$C:\Users\galve\DOWNLO~1\oss-cad-suite\bin\../share/yosys/gowin/cells_sim.v:270$205'.
     1/1: $0\Q[0:0]
Creating decoders for process `\DFFR.$proc$C:\Users\galve\DOWNLO~1\oss-cad-suite\bin\../share/yosys/gowin/cells_sim.v:0$204'.
Creating decoders for process `\DFFR.$proc$C:\Users\galve\DOWNLO~1\oss-cad-suite\bin\../share/yosys/gowin/cells_sim.v:250$203'.
     1/1: $0\Q[0:0]
Creating decoders for process `\DFFSE.$proc$C:\Users\galve\DOWNLO~1\oss-cad-suite\bin\../share/yosys/gowin/cells_sim.v:0$202'.
Creating decoders for process `\DFFSE.$proc$C:\Users\galve\DOWNLO~1\oss-cad-suite\bin\../share/yosys/gowin/cells_sim.v:231$201'.
     1/1: $0\Q[0:0]
Creating decoders for process `\DFFS.$proc$C:\Users\galve\DOWNLO~1\oss-cad-suite\bin\../share/yosys/gowin/cells_sim.v:0$200'.
Creating decoders for process `\DFFS.$proc$C:\Users\galve\DOWNLO~1\oss-cad-suite\bin\../share/yosys/gowin/cells_sim.v:211$199'.
     1/1: $0\Q[0:0]
Creating decoders for process `\DFFE.$proc$C:\Users\galve\DOWNLO~1\oss-cad-suite\bin\../share/yosys/gowin/cells_sim.v:0$198'.
Creating decoders for process `\DFFE.$proc$C:\Users\galve\DOWNLO~1\oss-cad-suite\bin\../share/yosys/gowin/cells_sim.v:194$197'.
     1/1: $0\Q[0:0]
Creating decoders for process `\DFF.$proc$C:\Users\galve\DOWNLO~1\oss-cad-suite\bin\../share/yosys/gowin/cells_sim.v:0$196'.
Creating decoders for process `\DFF.$proc$C:\Users\galve\DOWNLO~1\oss-cad-suite\bin\../share/yosys/gowin/cells_sim.v:179$195'.
Creating decoders for process `\bin_a_7seg.$proc$../design/bin_a_7seg.sv:0$1'.
     1/1: $1\seg[6:0]

4.3.8. Executing PROC_DLATCH pass (convert process syncs to latches).
No latch inferred for signal `\bin_a_7seg.\seg' from process `\bin_a_7seg.$proc$../design/bin_a_7seg.sv:0$1'.

4.3.9. Executing PROC_DFF pass (convert process syncs to FFs).
Creating register for signal `\ALU.\C' using process `\ALU.$proc$C:\Users\galve\DOWNLO~1\oss-cad-suite\bin\../share/yosys/gowin/cells_sim.v:661$237'.
  created direct connection (no actual register cell created).
Creating register for signal `\ALU.\S' using process `\ALU.$proc$C:\Users\galve\DOWNLO~1\oss-cad-suite\bin\../share/yosys/gowin/cells_sim.v:661$237'.
  created direct connection (no actual register cell created).
Creating register for signal `\DFFNCE.\Q' using process `\DFFNCE.$proc$C:\Users\galve\DOWNLO~1\oss-cad-suite\bin\../share/yosys/gowin/cells_sim.v:535$233'.
  created $adff cell `$procdff$330' with negative edge clock and positive level reset.
Creating register for signal `\DFFNC.\Q' using process `\DFFNC.$proc$C:\Users\galve\DOWNLO~1\oss-cad-suite\bin\../share/yosys/gowin/cells_sim.v:515$231'.
  created $adff cell `$procdff$331' with negative edge clock and positive level reset.
Creating register for signal `\DFFNPE.\Q' using process `\DFFNPE.$proc$C:\Users\galve\DOWNLO~1\oss-cad-suite\bin\../share/yosys/gowin/cells_sim.v:496$229'.
  created $adff cell `$procdff$332' with negative edge clock and positive level reset.
Creating register for signal `\DFFNP.\Q' using process `\DFFNP.$proc$C:\Users\galve\DOWNLO~1\oss-cad-suite\bin\../share/yosys/gowin/cells_sim.v:476$227'.
  created $adff cell `$procdff$333' with negative edge clock and positive level reset.
Creating register for signal `\DFFNRE.\Q' using process `\DFFNRE.$proc$C:\Users\galve\DOWNLO~1\oss-cad-suite\bin\../share/yosys/gowin/cells_sim.v:457$225'.
  created $dff cell `$procdff$334' with negative edge clock.
Creating register for signal `\DFFNR.\Q' using process `\DFFNR.$proc$C:\Users\galve\DOWNLO~1\oss-cad-suite\bin\../share/yosys/gowin/cells_sim.v:437$223'.
  created $dff cell `$procdff$335' with negative edge clock.
Creating register for signal `\DFFNSE.\Q' using process `\DFFNSE.$proc$C:\Users\galve\DOWNLO~1\oss-cad-suite\bin\../share/yosys/gowin/cells_sim.v:418$221'.
  created $dff cell `$procdff$336' with negative edge clock.
Creating register for signal `\DFFNS.\Q' using process `\DFFNS.$proc$C:\Users\galve\DOWNLO~1\oss-cad-suite\bin\../share/yosys/gowin/cells_sim.v:398$219'.
  created $dff cell `$procdff$337' with negative edge clock.
Creating register for signal `\DFFNE.\Q' using process `\DFFNE.$proc$C:\Users\galve\DOWNLO~1\oss-cad-suite\bin\../share/yosys/gowin/cells_sim.v:381$217'.
  created $dff cell `$procdff$338' with negative edge clock.
Creating register for signal `\DFFN.\Q' using process `\DFFN.$proc$C:\Users\galve\DOWNLO~1\oss-cad-suite\bin\../share/yosys/gowin/cells_sim.v:366$215'.
  created $dff cell `$procdff$339' with negative edge clock.
Creating register for signal `\DFFCE.\Q' using process `\DFFCE.$proc$C:\Users\galve\DOWNLO~1\oss-cad-suite\bin\../share/yosys/gowin/cells_sim.v:348$213'.
  created $adff cell `$procdff$340' with positive edge clock and positive level reset.
Creating register for signal `\DFFC.\Q' using process `\DFFC.$proc$C:\Users\galve\DOWNLO~1\oss-cad-suite\bin\../share/yosys/gowin/cells_sim.v:328$211'.
  created $adff cell `$procdff$341' with positive edge clock and positive level reset.
Creating register for signal `\DFFPE.\Q' using process `\DFFPE.$proc$C:\Users\galve\DOWNLO~1\oss-cad-suite\bin\../share/yosys/gowin/cells_sim.v:309$209'.
  created $adff cell `$procdff$342' with positive edge clock and positive level reset.
Creating register for signal `\DFFP.\Q' using process `\DFFP.$proc$C:\Users\galve\DOWNLO~1\oss-cad-suite\bin\../share/yosys/gowin/cells_sim.v:289$207'.
  created $adff cell `$procdff$343' with positive edge clock and positive level reset.
Creating register for signal `\DFFRE.\Q' using process `\DFFRE.$proc$C:\Users\galve\DOWNLO~1\oss-cad-suite\bin\../share/yosys/gowin/cells_sim.v:270$205'.
  created $dff cell `$procdff$344' with positive edge clock.
Creating register for signal `\DFFR.\Q' using process `\DFFR.$proc$C:\Users\galve\DOWNLO~1\oss-cad-suite\bin\../share/yosys/gowin/cells_sim.v:250$203'.
  created $dff cell `$procdff$345' with positive edge clock.
Creating register for signal `\DFFSE.\Q' using process `\DFFSE.$proc$C:\Users\galve\DOWNLO~1\oss-cad-suite\bin\../share/yosys/gowin/cells_sim.v:231$201'.
  created $dff cell `$procdff$346' with positive edge clock.
Creating register for signal `\DFFS.\Q' using process `\DFFS.$proc$C:\Users\galve\DOWNLO~1\oss-cad-suite\bin\../share/yosys/gowin/cells_sim.v:211$199'.
  created $dff cell `$procdff$347' with positive edge clock.
Creating register for signal `\DFFE.\Q' using process `\DFFE.$proc$C:\Users\galve\DOWNLO~1\oss-cad-suite\bin\../share/yosys/gowin/cells_sim.v:194$197'.
  created $dff cell `$procdff$348' with positive edge clock.
Creating register for signal `\DFF.\Q' using process `\DFF.$proc$C:\Users\galve\DOWNLO~1\oss-cad-suite\bin\../share/yosys/gowin/cells_sim.v:179$195'.
  created $dff cell `$procdff$349' with positive edge clock.

4.3.10. Executing PROC_MEMWR pass (convert process memory writes to cells).

4.3.11. Executing PROC_CLEAN pass (remove empty switches from decision trees).
Removing empty process `ALU.$proc$C:\Users\galve\DOWNLO~1\oss-cad-suite\bin\../share/yosys/gowin/cells_sim.v:661$237'.
Removing empty process `DFFNCE.$proc$C:\Users\galve\DOWNLO~1\oss-cad-suite\bin\../share/yosys/gowin/cells_sim.v:0$234'.
Found and cleaned up 1 empty switch in `\DFFNCE.$proc$C:\Users\galve\DOWNLO~1\oss-cad-suite\bin\../share/yosys/gowin/cells_sim.v:535$233'.
Removing empty process `DFFNCE.$proc$C:\Users\galve\DOWNLO~1\oss-cad-suite\bin\../share/yosys/gowin/cells_sim.v:535$233'.
Removing empty process `DFFNC.$proc$C:\Users\galve\DOWNLO~1\oss-cad-suite\bin\../share/yosys/gowin/cells_sim.v:0$232'.
Removing empty process `DFFNC.$proc$C:\Users\galve\DOWNLO~1\oss-cad-suite\bin\../share/yosys/gowin/cells_sim.v:515$231'.
Removing empty process `DFFNPE.$proc$C:\Users\galve\DOWNLO~1\oss-cad-suite\bin\../share/yosys/gowin/cells_sim.v:0$230'.
Found and cleaned up 1 empty switch in `\DFFNPE.$proc$C:\Users\galve\DOWNLO~1\oss-cad-suite\bin\../share/yosys/gowin/cells_sim.v:496$229'.
Removing empty process `DFFNPE.$proc$C:\Users\galve\DOWNLO~1\oss-cad-suite\bin\../share/yosys/gowin/cells_sim.v:496$229'.
Removing empty process `DFFNP.$proc$C:\Users\galve\DOWNLO~1\oss-cad-suite\bin\../share/yosys/gowin/cells_sim.v:0$228'.
Removing empty process `DFFNP.$proc$C:\Users\galve\DOWNLO~1\oss-cad-suite\bin\../share/yosys/gowin/cells_sim.v:476$227'.
Removing empty process `DFFNRE.$proc$C:\Users\galve\DOWNLO~1\oss-cad-suite\bin\../share/yosys/gowin/cells_sim.v:0$226'.
Found and cleaned up 2 empty switches in `\DFFNRE.$proc$C:\Users\galve\DOWNLO~1\oss-cad-suite\bin\../share/yosys/gowin/cells_sim.v:457$225'.
Removing empty process `DFFNRE.$proc$C:\Users\galve\DOWNLO~1\oss-cad-suite\bin\../share/yosys/gowin/cells_sim.v:457$225'.
Removing empty process `DFFNR.$proc$C:\Users\galve\DOWNLO~1\oss-cad-suite\bin\../share/yosys/gowin/cells_sim.v:0$224'.
Found and cleaned up 1 empty switch in `\DFFNR.$proc$C:\Users\galve\DOWNLO~1\oss-cad-suite\bin\../share/yosys/gowin/cells_sim.v:437$223'.
Removing empty process `DFFNR.$proc$C:\Users\galve\DOWNLO~1\oss-cad-suite\bin\../share/yosys/gowin/cells_sim.v:437$223'.
Removing empty process `DFFNSE.$proc$C:\Users\galve\DOWNLO~1\oss-cad-suite\bin\../share/yosys/gowin/cells_sim.v:0$222'.
Found and cleaned up 2 empty switches in `\DFFNSE.$proc$C:\Users\galve\DOWNLO~1\oss-cad-suite\bin\../share/yosys/gowin/cells_sim.v:418$221'.
Removing empty process `DFFNSE.$proc$C:\Users\galve\DOWNLO~1\oss-cad-suite\bin\../share/yosys/gowin/cells_sim.v:418$221'.
Removing empty process `DFFNS.$proc$C:\Users\galve\DOWNLO~1\oss-cad-suite\bin\../share/yosys/gowin/cells_sim.v:0$220'.
Found and cleaned up 1 empty switch in `\DFFNS.$proc$C:\Users\galve\DOWNLO~1\oss-cad-suite\bin\../share/yosys/gowin/cells_sim.v:398$219'.
Removing empty process `DFFNS.$proc$C:\Users\galve\DOWNLO~1\oss-cad-suite\bin\../share/yosys/gowin/cells_sim.v:398$219'.
Removing empty process `DFFNE.$proc$C:\Users\galve\DOWNLO~1\oss-cad-suite\bin\../share/yosys/gowin/cells_sim.v:0$218'.
Found and cleaned up 1 empty switch in `\DFFNE.$proc$C:\Users\galve\DOWNLO~1\oss-cad-suite\bin\../share/yosys/gowin/cells_sim.v:381$217'.
Removing empty process `DFFNE.$proc$C:\Users\galve\DOWNLO~1\oss-cad-suite\bin\../share/yosys/gowin/cells_sim.v:381$217'.
Removing empty process `DFFN.$proc$C:\Users\galve\DOWNLO~1\oss-cad-suite\bin\../share/yosys/gowin/cells_sim.v:0$216'.
Removing empty process `DFFN.$proc$C:\Users\galve\DOWNLO~1\oss-cad-suite\bin\../share/yosys/gowin/cells_sim.v:366$215'.
Removing empty process `DFFCE.$proc$C:\Users\galve\DOWNLO~1\oss-cad-suite\bin\../share/yosys/gowin/cells_sim.v:0$214'.
Found and cleaned up 1 empty switch in `\DFFCE.$proc$C:\Users\galve\DOWNLO~1\oss-cad-suite\bin\../share/yosys/gowin/cells_sim.v:348$213'.
Removing empty process `DFFCE.$proc$C:\Users\galve\DOWNLO~1\oss-cad-suite\bin\../share/yosys/gowin/cells_sim.v:348$213'.
Removing empty process `DFFC.$proc$C:\Users\galve\DOWNLO~1\oss-cad-suite\bin\../share/yosys/gowin/cells_sim.v:0$212'.
Removing empty process `DFFC.$proc$C:\Users\galve\DOWNLO~1\oss-cad-suite\bin\../share/yosys/gowin/cells_sim.v:328$211'.
Removing empty process `DFFPE.$proc$C:\Users\galve\DOWNLO~1\oss-cad-suite\bin\../share/yosys/gowin/cells_sim.v:0$210'.
Found and cleaned up 1 empty switch in `\DFFPE.$proc$C:\Users\galve\DOWNLO~1\oss-cad-suite\bin\../share/yosys/gowin/cells_sim.v:309$209'.
Removing empty process `DFFPE.$proc$C:\Users\galve\DOWNLO~1\oss-cad-suite\bin\../share/yosys/gowin/cells_sim.v:309$209'.
Removing empty process `DFFP.$proc$C:\Users\galve\DOWNLO~1\oss-cad-suite\bin\../share/yosys/gowin/cells_sim.v:0$208'.
Removing empty process `DFFP.$proc$C:\Users\galve\DOWNLO~1\oss-cad-suite\bin\../share/yosys/gowin/cells_sim.v:289$207'.
Removing empty process `DFFRE.$proc$C:\Users\galve\DOWNLO~1\oss-cad-suite\bin\../share/yosys/gowin/cells_sim.v:0$206'.
Found and cleaned up 2 empty switches in `\DFFRE.$proc$C:\Users\galve\DOWNLO~1\oss-cad-suite\bin\../share/yosys/gowin/cells_sim.v:270$205'.
Removing empty process `DFFRE.$proc$C:\Users\galve\DOWNLO~1\oss-cad-suite\bin\../share/yosys/gowin/cells_sim.v:270$205'.
Removing empty process `DFFR.$proc$C:\Users\galve\DOWNLO~1\oss-cad-suite\bin\../share/yosys/gowin/cells_sim.v:0$204'.
Found and cleaned up 1 empty switch in `\DFFR.$proc$C:\Users\galve\DOWNLO~1\oss-cad-suite\bin\../share/yosys/gowin/cells_sim.v:250$203'.
Removing empty process `DFFR.$proc$C:\Users\galve\DOWNLO~1\oss-cad-suite\bin\../share/yosys/gowin/cells_sim.v:250$203'.
Removing empty process `DFFSE.$proc$C:\Users\galve\DOWNLO~1\oss-cad-suite\bin\../share/yosys/gowin/cells_sim.v:0$202'.
Found and cleaned up 2 empty switches in `\DFFSE.$proc$C:\Users\galve\DOWNLO~1\oss-cad-suite\bin\../share/yosys/gowin/cells_sim.v:231$201'.
Removing empty process `DFFSE.$proc$C:\Users\galve\DOWNLO~1\oss-cad-suite\bin\../share/yosys/gowin/cells_sim.v:231$201'.
Removing empty process `DFFS.$proc$C:\Users\galve\DOWNLO~1\oss-cad-suite\bin\../share/yosys/gowin/cells_sim.v:0$200'.
Found and cleaned up 1 empty switch in `\DFFS.$proc$C:\Users\galve\DOWNLO~1\oss-cad-suite\bin\../share/yosys/gowin/cells_sim.v:211$199'.
Removing empty process `DFFS.$proc$C:\Users\galve\DOWNLO~1\oss-cad-suite\bin\../share/yosys/gowin/cells_sim.v:211$199'.
Removing empty process `DFFE.$proc$C:\Users\galve\DOWNLO~1\oss-cad-suite\bin\../share/yosys/gowin/cells_sim.v:0$198'.
Found and cleaned up 1 empty switch in `\DFFE.$proc$C:\Users\galve\DOWNLO~1\oss-cad-suite\bin\../share/yosys/gowin/cells_sim.v:194$197'.
Removing empty process `DFFE.$proc$C:\Users\galve\DOWNLO~1\oss-cad-suite\bin\../share/yosys/gowin/cells_sim.v:194$197'.
Removing empty process `DFF.$proc$C:\Users\galve\DOWNLO~1\oss-cad-suite\bin\../share/yosys/gowin/cells_sim.v:0$196'.
Removing empty process `DFF.$proc$C:\Users\galve\DOWNLO~1\oss-cad-suite\bin\../share/yosys/gowin/cells_sim.v:179$195'.
Found and cleaned up 1 empty switch in `\bin_a_7seg.$proc$../design/bin_a_7seg.sv:0$1'.
Removing empty process `bin_a_7seg.$proc$../design/bin_a_7seg.sv:0$1'.
Cleaned up 19 empty switches.

4.3.12. Executing OPT_EXPR pass (perform const folding).
Optimizing module top.
Optimizing module generador_error.
<suppressed ~2 debug messages>
Optimizing module bin_a_7seg.

4.4. Executing FLATTEN pass (flatten design).
Deleting now unused module generador_error.
Deleting now unused module bin_a_7seg.
<suppressed ~2 debug messages>

4.5. Executing TRIBUF pass.

4.6. Executing DEMINOUT pass (demote inout ports to input or output).

4.7. Executing SYNTH pass.

4.7.1. Executing PROC pass (convert processes to netlists).

4.7.1.1. Executing PROC_CLEAN pass (remove empty switches from decision trees).
Cleaned up 0 empty switches.

4.7.1.2. Executing PROC_RMDEAD pass (remove dead branches from decision trees).
Removed a total of 0 dead cases.

4.7.1.3. Executing PROC_PRUNE pass (remove redundant assignments in processes).
Removed 0 redundant assignments.
Promoted 0 assignments to connections.

4.7.1.4. Executing PROC_INIT pass (extract init attributes).

4.7.1.5. Executing PROC_ARST pass (detect async resets in processes).

4.7.1.6. Executing PROC_ROM pass (convert switches to ROMs).
Converted 0 switches.

4.7.1.7. Executing PROC_MUX pass (convert decision trees to multiplexers).

4.7.1.8. Executing PROC_DLATCH pass (convert process syncs to latches).

4.7.1.9. Executing PROC_DFF pass (convert process syncs to FFs).

4.7.1.10. Executing PROC_MEMWR pass (convert process memory writes to cells).

4.7.1.11. Executing PROC_CLEAN pass (remove empty switches from decision trees).
Cleaned up 0 empty switches.

4.7.1.12. Executing OPT_EXPR pass (perform const folding).
Optimizing module top.

4.7.2. Executing OPT_EXPR pass (perform const folding).
Optimizing module top.

4.7.3. Executing OPT_CLEAN pass (remove unused cells and wires).
Finding unused cells or wires in module \top..
Removed 0 unused cells and 6 unused wires.
<suppressed ~1 debug messages>

4.7.4. Executing CHECK pass (checking for obvious problems).
Checking module top...
Found and reported 0 problems.

4.7.5. Executing OPT pass (performing simple optimizations).

4.7.5.1. Executing OPT_EXPR pass (perform const folding).
Optimizing module top.

4.7.5.2. Executing OPT_MERGE pass (detect identical cells).
Finding identical cells in module `\top'.
Removed a total of 0 cells.

4.7.5.3. Executing OPT_MUXTREE pass (detect dead branches in mux trees).
Running muxtree optimizer on module \top..
  Creating internal representation of mux trees.
  Evaluating internal representation of mux trees.
  Analyzing evaluation results.
Removed 0 multiplexer ports.
<suppressed ~2 debug messages>

4.7.5.4. Executing OPT_REDUCE pass (consolidate $*mux and $reduce_* inputs).
  Optimizing cells in module \top.
Performed a total of 0 changes.

4.7.5.5. Executing OPT_MERGE pass (detect identical cells).
Finding identical cells in module `\top'.
Removed a total of 0 cells.

4.7.5.6. Executing OPT_DFF pass (perform DFF optimizations).

4.7.5.7. Executing OPT_CLEAN pass (remove unused cells and wires).
Finding unused cells or wires in module \top..

4.7.5.8. Executing OPT_EXPR pass (perform const folding).
Optimizing module top.

4.7.5.9. Finished OPT passes. (There is nothing left to do.)

4.7.6. Executing FSM pass (extract and optimize FSM).

4.7.6.1. Executing FSM_DETECT pass (finding FSMs in design).

4.7.6.2. Executing FSM_EXTRACT pass (extracting FSM from design).

4.7.6.3. Executing FSM_OPT pass (simple optimizations of FSMs).

4.7.6.4. Executing OPT_CLEAN pass (remove unused cells and wires).
Finding unused cells or wires in module \top..

4.7.6.5. Executing FSM_OPT pass (simple optimizations of FSMs).

4.7.6.6. Executing FSM_RECODE pass (re-assigning FSM state encoding).

4.7.6.7. Executing FSM_INFO pass (dumping all available information on FSM cells).

4.7.6.8. Executing FSM_MAP pass (mapping FSMs to basic logic).

4.7.7. Executing OPT pass (performing simple optimizations).

4.7.7.1. Executing OPT_EXPR pass (perform const folding).
Optimizing module top.

4.7.7.2. Executing OPT_MERGE pass (detect identical cells).
Finding identical cells in module `\top'.
Removed a total of 0 cells.

4.7.7.3. Executing OPT_MUXTREE pass (detect dead branches in mux trees).
Running muxtree optimizer on module \top..
  Creating internal representation of mux trees.
  Evaluating internal representation of mux trees.
  Analyzing evaluation results.
Removed 0 multiplexer ports.
<suppressed ~2 debug messages>

4.7.7.4. Executing OPT_REDUCE pass (consolidate $*mux and $reduce_* inputs).
  Optimizing cells in module \top.
Performed a total of 0 changes.

4.7.7.5. Executing OPT_MERGE pass (detect identical cells).
Finding identical cells in module `\top'.
Removed a total of 0 cells.

4.7.7.6. Executing OPT_DFF pass (perform DFF optimizations).

4.7.7.7. Executing OPT_CLEAN pass (remove unused cells and wires).
Finding unused cells or wires in module \top..

4.7.7.8. Executing OPT_EXPR pass (perform const folding).
Optimizing module top.

4.7.7.9. Finished OPT passes. (There is nothing left to do.)

4.7.8. Executing WREDUCE pass (reducing word size of cells).
Removed top 28 address bits (of 32) from memory init port top.$flatten\u_bin_a_7seg.$auto$mem.cc:319:emit$284 ($flatten\u_bin_a_7seg.$auto$proc_rom.cc:150:do_switch$282).
Removed top 7 bits (of 8) from port A of cell top.$flatten\u_generador_error.$shl$../design/generador_error.sv:38$8 ($shl).
Removed top 2 bits (of 3) from port B of cell top.$flatten\u_generador_error.$sub$../design/generador_error.sv:38$7 ($sub).
Removed top 7 bits (of 8) from port A of cell top.$flatten\u_generador_error.$shl$../design/generador_error.sv:37$4 ($shl).
Removed top 2 bits (of 3) from port B of cell top.$flatten\u_generador_error.$sub$../design/generador_error.sv:37$3 ($sub).

4.7.9. Executing PEEPOPT pass (run peephole optimizers).

4.7.10. Executing OPT_CLEAN pass (remove unused cells and wires).
Finding unused cells or wires in module \top..

4.7.11. Executing ALUMACC pass (create $alu and $macc cells).
Extracting $alu and $macc cells in module top:
  creating $macc model for $flatten\u_generador_error.$sub$../design/generador_error.sv:37$3 ($sub).
  creating $macc model for $flatten\u_generador_error.$sub$../design/generador_error.sv:38$7 ($sub).
  creating $alu model for $macc $flatten\u_generador_error.$sub$../design/generador_error.sv:38$7.
  creating $alu model for $macc $flatten\u_generador_error.$sub$../design/generador_error.sv:37$3.
  creating $alu cell for $flatten\u_generador_error.$sub$../design/generador_error.sv:37$3: $auto$alumacc.cc:485:replace_alu$350
  creating $alu cell for $flatten\u_generador_error.$sub$../design/generador_error.sv:38$7: $auto$alumacc.cc:485:replace_alu$353
  created 2 $alu and 0 $macc cells.

4.7.12. Executing SHARE pass (SAT-based resource sharing).
Found 2 cells in module top that may be considered for resource sharing.
  Analyzing resource sharing options for $flatten\u_generador_error.$shl$../design/generador_error.sv:38$8 ($shl):
    Found 1 activation_patterns using ctrl signal $flatten\u_generador_error.$eq$../design/generador_error.sv:38$6_Y.
    Found 1 candidates: $flatten\u_generador_error.$shl$../design/generador_error.sv:37$4
    Analyzing resource sharing with $flatten\u_generador_error.$shl$../design/generador_error.sv:37$4 ($shl):
      Found 1 activation_patterns using ctrl signal $flatten\u_generador_error.$eq$../design/generador_error.sv:37$2_Y.
      Activation pattern for cell $flatten\u_generador_error.$shl$../design/generador_error.sv:38$8: $flatten\u_generador_error.$eq$../design/generador_error.sv:38$6_Y = 1'0
      Activation pattern for cell $flatten\u_generador_error.$shl$../design/generador_error.sv:37$4: $flatten\u_generador_error.$eq$../design/generador_error.sv:37$2_Y = 1'0
      Size of SAT problem: 0 cells, 23 variables, 47 clauses
      According to the SAT solver this pair of cells can not be shared.
      Model from SAT solver: { $flatten\u_generador_error.$eq$../design/generador_error.sv:37$2_Y $flatten\u_generador_error.$eq$../design/generador_error.sv:38$6_Y } = 2'00
  Analyzing resource sharing options for $flatten\u_generador_error.$shl$../design/generador_error.sv:37$4 ($shl):
    Found 1 activation_patterns using ctrl signal $flatten\u_generador_error.$eq$../design/generador_error.sv:37$2_Y.
    No candidates found.

4.7.13. Executing OPT pass (performing simple optimizations).

4.7.13.1. Executing OPT_EXPR pass (perform const folding).
Optimizing module top.

4.7.13.2. Executing OPT_MERGE pass (detect identical cells).
Finding identical cells in module `\top'.
Removed a total of 0 cells.

4.7.13.3. Executing OPT_MUXTREE pass (detect dead branches in mux trees).
Running muxtree optimizer on module \top..
  Creating internal representation of mux trees.
  Evaluating internal representation of mux trees.
  Analyzing evaluation results.
Removed 0 multiplexer ports.
<suppressed ~2 debug messages>

4.7.13.4. Executing OPT_REDUCE pass (consolidate $*mux and $reduce_* inputs).
  Optimizing cells in module \top.
Performed a total of 0 changes.

4.7.13.5. Executing OPT_MERGE pass (detect identical cells).
Finding identical cells in module `\top'.
Removed a total of 0 cells.

4.7.13.6. Executing OPT_DFF pass (perform DFF optimizations).

4.7.13.7. Executing OPT_CLEAN pass (remove unused cells and wires).
Finding unused cells or wires in module \top..

4.7.13.8. Executing OPT_EXPR pass (perform const folding).
Optimizing module top.

4.7.13.9. Finished OPT passes. (There is nothing left to do.)

4.7.14. Executing MEMORY pass.

4.7.14.1. Executing OPT_MEM pass (optimize memories).
Performed a total of 0 transformations.

4.7.14.2. Executing OPT_MEM_PRIORITY pass (removing unnecessary memory write priority relations).
Performed a total of 0 transformations.

4.7.14.3. Executing OPT_MEM_FEEDBACK pass (finding memory read-to-write feedback paths).

4.7.14.4. Executing MEMORY_BMUX2ROM pass (converting muxes to ROMs).

4.7.14.5. Executing MEMORY_DFF pass (merging $dff cells to $memrd).
Checking read port `$flatten\u_bin_a_7seg.$auto$proc_rom.cc:150:do_switch$282'[0] in module `\top': no output FF found.
Checking read port address `$flatten\u_bin_a_7seg.$auto$proc_rom.cc:150:do_switch$282'[0] in module `\top': no address FF found.

4.7.14.6. Executing OPT_CLEAN pass (remove unused cells and wires).
Finding unused cells or wires in module \top..

4.7.14.7. Executing MEMORY_SHARE pass (consolidating $memrd/$memwr cells).

4.7.14.8. Executing OPT_MEM_WIDEN pass (optimize memories where all ports are wide).
Performed a total of 0 transformations.

4.7.14.9. Executing OPT_CLEAN pass (remove unused cells and wires).
Finding unused cells or wires in module \top..

4.7.14.10. Executing MEMORY_COLLECT pass (generating $mem cells).

4.7.15. Executing OPT_CLEAN pass (remove unused cells and wires).
Finding unused cells or wires in module \top..

4.8. Executing MEMORY_LIBMAP pass (mapping memories to cells).
using FF mapping for memory top.$flatten\u_bin_a_7seg.$auto$proc_rom.cc:150:do_switch$282
<suppressed ~6 debug messages>

4.9. Executing TECHMAP pass (map to technology primitives).

4.9.1. Executing Verilog-2005 frontend: C:\Users\galve\DOWNLO~1\oss-cad-suite\bin\../share/yosys/gowin/lutrams_map.v
Parsing Verilog input from `C:\Users\galve\DOWNLO~1\oss-cad-suite\bin\../share/yosys/gowin/lutrams_map.v' to AST representation.
Generating RTLIL representation for module `\$__GOWIN_LUTRAM_'.
Successfully finished Verilog frontend.

4.9.2. Executing Verilog-2005 frontend: C:\Users\galve\DOWNLO~1\oss-cad-suite\bin\../share/yosys/gowin/brams_map.v
Parsing Verilog input from `C:\Users\galve\DOWNLO~1\oss-cad-suite\bin\../share/yosys/gowin/brams_map.v' to AST representation.
Generating RTLIL representation for module `\$__GOWIN_SP_'.
Generating RTLIL representation for module `\$__GOWIN_DP_'.
Generating RTLIL representation for module `\$__GOWIN_SDP_'.
Successfully finished Verilog frontend.

4.9.3. Continuing TECHMAP pass.
No more expansions possible.
<suppressed ~6 debug messages>

4.10. Executing OPT pass (performing simple optimizations).

4.10.1. Executing OPT_EXPR pass (perform const folding).
Optimizing module top.

4.10.2. Executing OPT_MERGE pass (detect identical cells).
Finding identical cells in module `\top'.
Removed a total of 0 cells.

4.10.3. Executing OPT_DFF pass (perform DFF optimizations).

4.10.4. Executing OPT_CLEAN pass (remove unused cells and wires).
Finding unused cells or wires in module \top..

4.10.5. Finished fast OPT passes.

4.11. Executing MEMORY_MAP pass (converting memories to logic and flip-flops).
Mapping memory $flatten\u_bin_a_7seg.$auto$proc_rom.cc:150:do_switch$282 in module \top:
  created 16 $dff cells and 0 static cells of width 7.
  read interface: 0 $dff and 15 $mux cells.
  write interface: 0 write mux blocks.

4.12. Executing OPT pass (performing simple optimizations).

4.12.1. Executing OPT_EXPR pass (perform const folding).
Optimizing module top.

4.12.2. Executing OPT_MERGE pass (detect identical cells).
Finding identical cells in module `\top'.
Removed a total of 0 cells.

4.12.3. Executing OPT_MUXTREE pass (detect dead branches in mux trees).
Running muxtree optimizer on module \top..
  Creating internal representation of mux trees.
  Evaluating internal representation of mux trees.
  Analyzing evaluation results.
Removed 0 multiplexer ports.
<suppressed ~3 debug messages>

4.12.4. Executing OPT_REDUCE pass (consolidate $*mux and $reduce_* inputs).
  Optimizing cells in module \top.
    Consolidated identical input bits for $mux cell $memory$flatten\u_bin_a_7seg.$auto$proc_rom.cc:150:do_switch$282$rdmux[0][3][6]$597:
      Old ports: A=7'0111001, B=7'1011110, Y=$memory$flatten\u_bin_a_7seg.$auto$proc_rom.cc:150:do_switch$282$rdmux[0][2][3]$a$577
      New ports: A=2'01, B=2'10, Y=$memory$flatten\u_bin_a_7seg.$auto$proc_rom.cc:150:do_switch$282$rdmux[0][2][3]$a$577 [1:0]
      New connections: $memory$flatten\u_bin_a_7seg.$auto$proc_rom.cc:150:do_switch$282$rdmux[0][2][3]$a$577 [6:2] = { $memory$flatten\u_bin_a_7seg.$auto$proc_rom.cc:150:do_switch$282$rdmux[0][2][3]$a$577 [1:0] 2'11 $memory$flatten\u_bin_a_7seg.$auto$proc_rom.cc:150:do_switch$282$rdmux[0][2][3]$a$577 [1] }
    Consolidated identical input bits for $mux cell $memory$flatten\u_bin_a_7seg.$auto$proc_rom.cc:150:do_switch$282$rdmux[0][3][5]$594:
      Old ports: A=7'1110111, B=7'1111100, Y=$memory$flatten\u_bin_a_7seg.$auto$proc_rom.cc:150:do_switch$282$rdmux[0][2][2]$b$575
      New ports: A=2'01, B=2'10, Y={ $memory$flatten\u_bin_a_7seg.$auto$proc_rom.cc:150:do_switch$282$rdmux[0][2][2]$b$575 [3] $memory$flatten\u_bin_a_7seg.$auto$proc_rom.cc:150:do_switch$282$rdmux[0][2][2]$b$575 [0] }
      New connections: { $memory$flatten\u_bin_a_7seg.$auto$proc_rom.cc:150:do_switch$282$rdmux[0][2][2]$b$575 [6:4] $memory$flatten\u_bin_a_7seg.$auto$proc_rom.cc:150:do_switch$282$rdmux[0][2][2]$b$575 [2:1] } = { 4'1111 $memory$flatten\u_bin_a_7seg.$auto$proc_rom.cc:150:do_switch$282$rdmux[0][2][2]$b$575 [0] }
    Consolidated identical input bits for $mux cell $memory$flatten\u_bin_a_7seg.$auto$proc_rom.cc:150:do_switch$282$rdmux[0][3][4]$591:
      Old ports: A=7'1111111, B=7'1101111, Y=$memory$flatten\u_bin_a_7seg.$auto$proc_rom.cc:150:do_switch$282$rdmux[0][2][2]$a$574
      New ports: A=1'1, B=1'0, Y=$memory$flatten\u_bin_a_7seg.$auto$proc_rom.cc:150:do_switch$282$rdmux[0][2][2]$a$574 [4]
      New connections: { $memory$flatten\u_bin_a_7seg.$auto$proc_rom.cc:150:do_switch$282$rdmux[0][2][2]$a$574 [6:5] $memory$flatten\u_bin_a_7seg.$auto$proc_rom.cc:150:do_switch$282$rdmux[0][2][2]$a$574 [3:0] } = 6'111111
    Consolidated identical input bits for $mux cell $memory$flatten\u_bin_a_7seg.$auto$proc_rom.cc:150:do_switch$282$rdmux[0][3][3]$588:
      Old ports: A=7'1111101, B=7'0000111, Y=$memory$flatten\u_bin_a_7seg.$auto$proc_rom.cc:150:do_switch$282$rdmux[0][2][1]$b$572
      New ports: A=2'10, B=2'01, Y={ $memory$flatten\u_bin_a_7seg.$auto$proc_rom.cc:150:do_switch$282$rdmux[0][2][1]$b$572 [3] $memory$flatten\u_bin_a_7seg.$auto$proc_rom.cc:150:do_switch$282$rdmux[0][2][1]$b$572 [1] }
      New connections: { $memory$flatten\u_bin_a_7seg.$auto$proc_rom.cc:150:do_switch$282$rdmux[0][2][1]$b$572 [6:4] $memory$flatten\u_bin_a_7seg.$auto$proc_rom.cc:150:do_switch$282$rdmux[0][2][1]$b$572 [2] $memory$flatten\u_bin_a_7seg.$auto$proc_rom.cc:150:do_switch$282$rdmux[0][2][1]$b$572 [0] } = { $memory$flatten\u_bin_a_7seg.$auto$proc_rom.cc:150:do_switch$282$rdmux[0][2][1]$b$572 [3] $memory$flatten\u_bin_a_7seg.$auto$proc_rom.cc:150:do_switch$282$rdmux[0][2][1]$b$572 [3] $memory$flatten\u_bin_a_7seg.$auto$proc_rom.cc:150:do_switch$282$rdmux[0][2][1]$b$572 [3] 2'11 }
    Consolidated identical input bits for $mux cell $memory$flatten\u_bin_a_7seg.$auto$proc_rom.cc:150:do_switch$282$rdmux[0][3][2]$585:
      Old ports: A=7'1100110, B=7'1101101, Y=$memory$flatten\u_bin_a_7seg.$auto$proc_rom.cc:150:do_switch$282$rdmux[0][2][1]$a$571
      New ports: A=2'10, B=2'01, Y=$memory$flatten\u_bin_a_7seg.$auto$proc_rom.cc:150:do_switch$282$rdmux[0][2][1]$a$571 [1:0]
      New connections: $memory$flatten\u_bin_a_7seg.$auto$proc_rom.cc:150:do_switch$282$rdmux[0][2][1]$a$571 [6:2] = { 3'110 $memory$flatten\u_bin_a_7seg.$auto$proc_rom.cc:150:do_switch$282$rdmux[0][2][1]$a$571 [0] 1'1 }
    Consolidated identical input bits for $mux cell $memory$flatten\u_bin_a_7seg.$auto$proc_rom.cc:150:do_switch$282$rdmux[0][3][1]$582:
      Old ports: A=7'1011011, B=7'1001111, Y=$memory$flatten\u_bin_a_7seg.$auto$proc_rom.cc:150:do_switch$282$rdmux[0][2][0]$b$569
      New ports: A=2'10, B=2'01, Y={ $memory$flatten\u_bin_a_7seg.$auto$proc_rom.cc:150:do_switch$282$rdmux[0][2][0]$b$569 [4] $memory$flatten\u_bin_a_7seg.$auto$proc_rom.cc:150:do_switch$282$rdmux[0][2][0]$b$569 [2] }
      New connections: { $memory$flatten\u_bin_a_7seg.$auto$proc_rom.cc:150:do_switch$282$rdmux[0][2][0]$b$569 [6:5] $memory$flatten\u_bin_a_7seg.$auto$proc_rom.cc:150:do_switch$282$rdmux[0][2][0]$b$569 [3] $memory$flatten\u_bin_a_7seg.$auto$proc_rom.cc:150:do_switch$282$rdmux[0][2][0]$b$569 [1:0] } = 5'10111
    Consolidated identical input bits for $mux cell $memory$flatten\u_bin_a_7seg.$auto$proc_rom.cc:150:do_switch$282$rdmux[0][3][0]$579:
      Old ports: A=7'0111111, B=7'0000110, Y=$memory$flatten\u_bin_a_7seg.$auto$proc_rom.cc:150:do_switch$282$rdmux[0][2][0]$a$568
      New ports: A=1'1, B=1'0, Y=$memory$flatten\u_bin_a_7seg.$auto$proc_rom.cc:150:do_switch$282$rdmux[0][2][0]$a$568 [0]
      New connections: $memory$flatten\u_bin_a_7seg.$auto$proc_rom.cc:150:do_switch$282$rdmux[0][2][0]$a$568 [6:1] = { 1'0 $memory$flatten\u_bin_a_7seg.$auto$proc_rom.cc:150:do_switch$282$rdmux[0][2][0]$a$568 [0] $memory$flatten\u_bin_a_7seg.$auto$proc_rom.cc:150:do_switch$282$rdmux[0][2][0]$a$568 [0] $memory$flatten\u_bin_a_7seg.$auto$proc_rom.cc:150:do_switch$282$rdmux[0][2][0]$a$568 [0] 2'11 }
    Consolidated identical input bits for $mux cell $memory$flatten\u_bin_a_7seg.$auto$proc_rom.cc:150:do_switch$282$rdmux[0][3][7]$600:
      Old ports: A=7'1111001, B=7'1110001, Y=$memory$flatten\u_bin_a_7seg.$auto$proc_rom.cc:150:do_switch$282$rdmux[0][2][3]$b$578
      New ports: A=1'1, B=1'0, Y=$memory$flatten\u_bin_a_7seg.$auto$proc_rom.cc:150:do_switch$282$rdmux[0][2][3]$b$578 [3]
      New connections: { $memory$flatten\u_bin_a_7seg.$auto$proc_rom.cc:150:do_switch$282$rdmux[0][2][3]$b$578 [6:4] $memory$flatten\u_bin_a_7seg.$auto$proc_rom.cc:150:do_switch$282$rdmux[0][2][3]$b$578 [2:0] } = 6'111001
  Optimizing cells in module \top.
    Consolidated identical input bits for $mux cell $memory$flatten\u_bin_a_7seg.$auto$proc_rom.cc:150:do_switch$282$rdmux[0][2][3]$576:
      Old ports: A=$memory$flatten\u_bin_a_7seg.$auto$proc_rom.cc:150:do_switch$282$rdmux[0][2][3]$a$577, B=$memory$flatten\u_bin_a_7seg.$auto$proc_rom.cc:150:do_switch$282$rdmux[0][2][3]$b$578, Y=$memory$flatten\u_bin_a_7seg.$auto$proc_rom.cc:150:do_switch$282$rdmux[0][1][1]$b$566
      New ports: A={ $memory$flatten\u_bin_a_7seg.$auto$proc_rom.cc:150:do_switch$282$rdmux[0][2][3]$a$577 [1] 1'1 $memory$flatten\u_bin_a_7seg.$auto$proc_rom.cc:150:do_switch$282$rdmux[0][2][3]$a$577 [1:0] }, B={ 1'1 $memory$flatten\u_bin_a_7seg.$auto$proc_rom.cc:150:do_switch$282$rdmux[0][2][3]$b$578 [3] 2'01 }, Y={ $memory$flatten\u_bin_a_7seg.$auto$proc_rom.cc:150:do_switch$282$rdmux[0][1][1]$b$566 [6] $memory$flatten\u_bin_a_7seg.$auto$proc_rom.cc:150:do_switch$282$rdmux[0][1][1]$b$566 [3] $memory$flatten\u_bin_a_7seg.$auto$proc_rom.cc:150:do_switch$282$rdmux[0][1][1]$b$566 [1:0] }
      New connections: { $memory$flatten\u_bin_a_7seg.$auto$proc_rom.cc:150:do_switch$282$rdmux[0][1][1]$b$566 [5:4] $memory$flatten\u_bin_a_7seg.$auto$proc_rom.cc:150:do_switch$282$rdmux[0][1][1]$b$566 [2] } = { $memory$flatten\u_bin_a_7seg.$auto$proc_rom.cc:150:do_switch$282$rdmux[0][1][1]$b$566 [0] 1'1 $memory$flatten\u_bin_a_7seg.$auto$proc_rom.cc:150:do_switch$282$rdmux[0][1][1]$b$566 [1] }
    Consolidated identical input bits for $mux cell $memory$flatten\u_bin_a_7seg.$auto$proc_rom.cc:150:do_switch$282$rdmux[0][2][2]$573:
      Old ports: A=$memory$flatten\u_bin_a_7seg.$auto$proc_rom.cc:150:do_switch$282$rdmux[0][2][2]$a$574, B=$memory$flatten\u_bin_a_7seg.$auto$proc_rom.cc:150:do_switch$282$rdmux[0][2][2]$b$575, Y=$memory$flatten\u_bin_a_7seg.$auto$proc_rom.cc:150:do_switch$282$rdmux[0][1][1]$a$565
      New ports: A={ $memory$flatten\u_bin_a_7seg.$auto$proc_rom.cc:150:do_switch$282$rdmux[0][2][2]$a$574 [4] 2'11 }, B={ 1'1 $memory$flatten\u_bin_a_7seg.$auto$proc_rom.cc:150:do_switch$282$rdmux[0][2][2]$b$575 [3] $memory$flatten\u_bin_a_7seg.$auto$proc_rom.cc:150:do_switch$282$rdmux[0][2][2]$b$575 [0] }, Y={ $memory$flatten\u_bin_a_7seg.$auto$proc_rom.cc:150:do_switch$282$rdmux[0][1][1]$a$565 [4:3] $memory$flatten\u_bin_a_7seg.$auto$proc_rom.cc:150:do_switch$282$rdmux[0][1][1]$a$565 [0] }
      New connections: { $memory$flatten\u_bin_a_7seg.$auto$proc_rom.cc:150:do_switch$282$rdmux[0][1][1]$a$565 [6:5] $memory$flatten\u_bin_a_7seg.$auto$proc_rom.cc:150:do_switch$282$rdmux[0][1][1]$a$565 [2:1] } = { 3'111 $memory$flatten\u_bin_a_7seg.$auto$proc_rom.cc:150:do_switch$282$rdmux[0][1][1]$a$565 [0] }
    Consolidated identical input bits for $mux cell $memory$flatten\u_bin_a_7seg.$auto$proc_rom.cc:150:do_switch$282$rdmux[0][2][1]$570:
      Old ports: A=$memory$flatten\u_bin_a_7seg.$auto$proc_rom.cc:150:do_switch$282$rdmux[0][2][1]$a$571, B=$memory$flatten\u_bin_a_7seg.$auto$proc_rom.cc:150:do_switch$282$rdmux[0][2][1]$b$572, Y=$memory$flatten\u_bin_a_7seg.$auto$proc_rom.cc:150:do_switch$282$rdmux[0][1][0]$b$563
      New ports: A={ 2'10 $memory$flatten\u_bin_a_7seg.$auto$proc_rom.cc:150:do_switch$282$rdmux[0][2][1]$a$571 [0] $memory$flatten\u_bin_a_7seg.$auto$proc_rom.cc:150:do_switch$282$rdmux[0][2][1]$a$571 [1:0] }, B={ $memory$flatten\u_bin_a_7seg.$auto$proc_rom.cc:150:do_switch$282$rdmux[0][2][1]$b$572 [3] $memory$flatten\u_bin_a_7seg.$auto$proc_rom.cc:150:do_switch$282$rdmux[0][2][1]$b$572 [3] $memory$flatten\u_bin_a_7seg.$auto$proc_rom.cc:150:do_switch$282$rdmux[0][2][1]$b$572 [3] $memory$flatten\u_bin_a_7seg.$auto$proc_rom.cc:150:do_switch$282$rdmux[0][2][1]$b$572 [1] 1'1 }, Y={ $memory$flatten\u_bin_a_7seg.$auto$proc_rom.cc:150:do_switch$282$rdmux[0][1][0]$b$563 [5:3] $memory$flatten\u_bin_a_7seg.$auto$proc_rom.cc:150:do_switch$282$rdmux[0][1][0]$b$563 [1:0] }
      New connections: { $memory$flatten\u_bin_a_7seg.$auto$proc_rom.cc:150:do_switch$282$rdmux[0][1][0]$b$563 [6] $memory$flatten\u_bin_a_7seg.$auto$proc_rom.cc:150:do_switch$282$rdmux[0][1][0]$b$563 [2] } = { $memory$flatten\u_bin_a_7seg.$auto$proc_rom.cc:150:do_switch$282$rdmux[0][1][0]$b$563 [5] 1'1 }
    Consolidated identical input bits for $mux cell $memory$flatten\u_bin_a_7seg.$auto$proc_rom.cc:150:do_switch$282$rdmux[0][2][0]$567:
      Old ports: A=$memory$flatten\u_bin_a_7seg.$auto$proc_rom.cc:150:do_switch$282$rdmux[0][2][0]$a$568, B=$memory$flatten\u_bin_a_7seg.$auto$proc_rom.cc:150:do_switch$282$rdmux[0][2][0]$b$569, Y=$memory$flatten\u_bin_a_7seg.$auto$proc_rom.cc:150:do_switch$282$rdmux[0][1][0]$a$562
      New ports: A={ 1'0 $memory$flatten\u_bin_a_7seg.$auto$proc_rom.cc:150:do_switch$282$rdmux[0][2][0]$a$568 [0] $memory$flatten\u_bin_a_7seg.$auto$proc_rom.cc:150:do_switch$282$rdmux[0][2][0]$a$568 [0] 1'1 $memory$flatten\u_bin_a_7seg.$auto$proc_rom.cc:150:do_switch$282$rdmux[0][2][0]$a$568 [0] }, B={ 2'10 $memory$flatten\u_bin_a_7seg.$auto$proc_rom.cc:150:do_switch$282$rdmux[0][2][0]$b$569 [4] $memory$flatten\u_bin_a_7seg.$auto$proc_rom.cc:150:do_switch$282$rdmux[0][2][0]$b$569 [2] 1'1 }, Y={ $memory$flatten\u_bin_a_7seg.$auto$proc_rom.cc:150:do_switch$282$rdmux[0][1][0]$a$562 [6:4] $memory$flatten\u_bin_a_7seg.$auto$proc_rom.cc:150:do_switch$282$rdmux[0][1][0]$a$562 [2] $memory$flatten\u_bin_a_7seg.$auto$proc_rom.cc:150:do_switch$282$rdmux[0][1][0]$a$562 [0] }
      New connections: { $memory$flatten\u_bin_a_7seg.$auto$proc_rom.cc:150:do_switch$282$rdmux[0][1][0]$a$562 [3] $memory$flatten\u_bin_a_7seg.$auto$proc_rom.cc:150:do_switch$282$rdmux[0][1][0]$a$562 [1] } = { $memory$flatten\u_bin_a_7seg.$auto$proc_rom.cc:150:do_switch$282$rdmux[0][1][0]$a$562 [0] 1'1 }
  Optimizing cells in module \top.
Performed a total of 12 changes.

4.12.5. Executing OPT_MERGE pass (detect identical cells).
Finding identical cells in module `\top'.
<suppressed ~15 debug messages>
Removed a total of 5 cells.

4.12.6. Executing OPT_DFF pass (perform DFF optimizations).

4.12.7. Executing OPT_CLEAN pass (remove unused cells and wires).
Finding unused cells or wires in module \top..
Removed 0 unused cells and 21 unused wires.
<suppressed ~1 debug messages>

4.12.8. Executing OPT_EXPR pass (perform const folding).
Optimizing module top.

4.12.9. Rerunning OPT passes. (Maybe there is more to do..)

4.12.10. Executing OPT_MUXTREE pass (detect dead branches in mux trees).
Running muxtree optimizer on module \top..
  Creating internal representation of mux trees.
  Evaluating internal representation of mux trees.
  Analyzing evaluation results.
Removed 0 multiplexer ports.
<suppressed ~6 debug messages>

4.12.11. Executing OPT_REDUCE pass (consolidate $*mux and $reduce_* inputs).
  Optimizing cells in module \top.
Performed a total of 0 changes.

4.12.12. Executing OPT_MERGE pass (detect identical cells).
Finding identical cells in module `\top'.
Removed a total of 0 cells.

4.12.13. Executing OPT_DFF pass (perform DFF optimizations).

4.12.14. Executing OPT_CLEAN pass (remove unused cells and wires).
Finding unused cells or wires in module \top..

4.12.15. Executing OPT_EXPR pass (perform const folding).
Optimizing module top.

4.12.16. Finished OPT passes. (There is nothing left to do.)

4.13. Executing TECHMAP pass (map to technology primitives).

4.13.1. Executing Verilog-2005 frontend: C:\Users\galve\DOWNLO~1\oss-cad-suite\bin\../share/yosys/techmap.v
Parsing Verilog input from `C:\Users\galve\DOWNLO~1\oss-cad-suite\bin\../share/yosys/techmap.v' to AST representation.
Generating RTLIL representation for module `\_90_simplemap_bool_ops'.
Generating RTLIL representation for module `\_90_simplemap_reduce_ops'.
Generating RTLIL representation for module `\_90_simplemap_logic_ops'.
Generating RTLIL representation for module `\_90_simplemap_compare_ops'.
Generating RTLIL representation for module `\_90_simplemap_various'.
Generating RTLIL representation for module `\_90_simplemap_registers'.
Generating RTLIL representation for module `\_90_shift_ops_shr_shl_sshl_sshr'.
Generating RTLIL representation for module `\_90_shift_shiftx'.
Generating RTLIL representation for module `\_90_fa'.
Generating RTLIL representation for module `\_90_lcu'.
Generating RTLIL representation for module `\_90_alu'.
Generating RTLIL representation for module `\_90_macc'.
Generating RTLIL representation for module `\_90_alumacc'.
Generating RTLIL representation for module `\$__div_mod_u'.
Generating RTLIL representation for module `\$__div_mod_trunc'.
Generating RTLIL representation for module `\_90_div'.
Generating RTLIL representation for module `\_90_mod'.
Generating RTLIL representation for module `\$__div_mod_floor'.
Generating RTLIL representation for module `\_90_divfloor'.
Generating RTLIL representation for module `\_90_modfloor'.
Generating RTLIL representation for module `\_90_pow'.
Generating RTLIL representation for module `\_90_pmux'.
Generating RTLIL representation for module `\_90_demux'.
Generating RTLIL representation for module `\_90_lut'.
Successfully finished Verilog frontend.

4.13.2. Executing Verilog-2005 frontend: C:\Users\galve\DOWNLO~1\oss-cad-suite\bin\../share/yosys/gowin/arith_map.v
Parsing Verilog input from `C:\Users\galve\DOWNLO~1\oss-cad-suite\bin\../share/yosys/gowin/arith_map.v' to AST representation.
Generating RTLIL representation for module `\_80_gw1n_alu'.
Successfully finished Verilog frontend.

4.13.3. Continuing TECHMAP pass.
Using extmapper simplemap for cells of type $mux.
Using template $paramod$b8c0a997bce700f23568a5ada79cc6781d1f5ca0\_80_gw1n_alu for cells of type $alu.
Using extmapper simplemap for cells of type $xor.
Using extmapper simplemap for cells of type $or.
Using template $paramod$constmap:1b6115d36d46c0296d0024e3e3623593810ba834$paramod$3b3a66a7766bf28794ddcd35314b025da1fe57c8\_90_shift_ops_shr_shl_sshl_sshr for cells of type $shl.
Using extmapper simplemap for cells of type $logic_not.
Using extmapper simplemap for cells of type $not.
Using extmapper simplemap for cells of type $pos.
No more expansions possible.
<suppressed ~280 debug messages>

4.14. Executing OPT pass (performing simple optimizations).

4.14.1. Executing OPT_EXPR pass (perform const folding).
Optimizing module top.
<suppressed ~31 debug messages>

4.14.2. Executing OPT_MERGE pass (detect identical cells).
Finding identical cells in module `\top'.
<suppressed ~24 debug messages>
Removed a total of 8 cells.

4.14.3. Executing OPT_DFF pass (perform DFF optimizations).

4.14.4. Executing OPT_CLEAN pass (remove unused cells and wires).
Finding unused cells or wires in module \top..
Removed 4 unused cells and 51 unused wires.
<suppressed ~5 debug messages>

4.14.5. Finished fast OPT passes.

4.15. Executing IOPADMAP pass (mapping inputs/outputs to IO-PAD cells).
Mapping port top.datos using IBUF.
Mapping port top.pal_cod using IBUF.
Mapping port top.pal_err using OBUF.
Mapping port top.pos_err1 using IBUF.
Mapping port top.pos_err2 using IBUF.
Mapping port top.seg using OBUF.

4.16. Executing OPT_CLEAN pass (remove unused cells and wires).
Finding unused cells or wires in module \top..
Removed 0 unused cells and 6 unused wires.
<suppressed ~1 debug messages>

4.17. Executing DFFLEGALIZE pass (convert FFs to types supported by the target).

4.18. Executing TECHMAP pass (map to technology primitives).

4.18.1. Executing Verilog-2005 frontend: C:\Users\galve\DOWNLO~1\oss-cad-suite\bin\../share/yosys/gowin/cells_map.v
Parsing Verilog input from `C:\Users\galve\DOWNLO~1\oss-cad-suite\bin\../share/yosys/gowin/cells_map.v' to AST representation.
Generating RTLIL representation for module `\$_DFF_N_'.
Generating RTLIL representation for module `\$_DFF_P_'.
Generating RTLIL representation for module `\$_DFFE_PP_'.
Generating RTLIL representation for module `\$_DFFE_NP_'.
Generating RTLIL representation for module `\$_SDFF_PP0_'.
Generating RTLIL representation for module `\$_SDFF_NP0_'.
Generating RTLIL representation for module `\$_SDFFE_PP0P_'.
Generating RTLIL representation for module `\$_SDFFE_NP0P_'.
Generating RTLIL representation for module `\$_SDFF_PP1_'.
Generating RTLIL representation for module `\$_SDFF_NP1_'.
Generating RTLIL representation for module `\$_SDFFE_PP1P_'.
Generating RTLIL representation for module `\$_SDFFE_NP1P_'.
Generating RTLIL representation for module `\$_DFF_PP1_'.
Generating RTLIL representation for module `\$_DFF_NP1_'.
Generating RTLIL representation for module `\$_DFF_PP0_'.
Generating RTLIL representation for module `\$_DFF_NP0_'.
Generating RTLIL representation for module `\$_DFFE_PP1P_'.
Generating RTLIL representation for module `\$_DFFE_NP1P_'.
Generating RTLIL representation for module `\$_DFFE_PP0P_'.
Generating RTLIL representation for module `\$_DFFE_NP0P_'.
Generating RTLIL representation for module `\$lut'.
Successfully finished Verilog frontend.

4.18.2. Continuing TECHMAP pass.
No more expansions possible.
<suppressed ~23 debug messages>

4.19. Executing OPT_EXPR pass (perform const folding).
Optimizing module top.
<suppressed ~1 debug messages>

4.20. Executing SIMPLEMAP pass (map simple cells to gate primitives).

4.21. Executing ABC pass (technology mapping using ABC).

4.21.1. Extracting gate netlist of module `\top' to `<abc-temp-dir>/input.blif'..
Extracted 93 gates and 119 wires to a netlist network with 24 inputs and 15 outputs.

4.21.1.1. Executing ABC.
Running ABC command: "<yosys-exe-dir>/yosys-abc" -s -f <abc-temp-dir>/abc.script 2>&1
ABC: ABC command line: "source <abc-temp-dir>/abc.script".
ABC: 
ABC: + read_blif <abc-temp-dir>/input.blif 
ABC: + read_lut <abc-temp-dir>/lutdefs.txt 
ABC: + strash 
ABC: + &get -n 
ABC: + &fraig -x 
ABC: + &put 
ABC: + scorr 
ABC: Warning: The network is combinational (run "fraig" or "fraig_sweep").
ABC: + dc2 
ABC: + dretime 
ABC: + strash 
ABC: + dch -f 
ABC: + if 
ABC: + mfs2 
ABC: + write_blif <abc-temp-dir>/output.blif 

4.21.1.2. Re-integrating ABC results.
ABC RESULTS:              $lut cells:       28
ABC RESULTS:        internal signals:       80
ABC RESULTS:           input signals:       24
ABC RESULTS:          output signals:       15
Removing temp directory.
Removed 0 unused cells and 58 unused wires.

4.22. Executing TECHMAP pass (map to technology primitives).

4.22.1. Executing Verilog-2005 frontend: C:\Users\galve\DOWNLO~1\oss-cad-suite\bin\../share/yosys/gowin/cells_map.v
Parsing Verilog input from `C:\Users\galve\DOWNLO~1\oss-cad-suite\bin\../share/yosys/gowin/cells_map.v' to AST representation.
Generating RTLIL representation for module `\$_DFF_N_'.
Generating RTLIL representation for module `\$_DFF_P_'.
Generating RTLIL representation for module `\$_DFFE_PP_'.
Generating RTLIL representation for module `\$_DFFE_NP_'.
Generating RTLIL representation for module `\$_SDFF_PP0_'.
Generating RTLIL representation for module `\$_SDFF_NP0_'.
Generating RTLIL representation for module `\$_SDFFE_PP0P_'.
Generating RTLIL representation for module `\$_SDFFE_NP0P_'.
Generating RTLIL representation for module `\$_SDFF_PP1_'.
Generating RTLIL representation for module `\$_SDFF_NP1_'.
Generating RTLIL representation for module `\$_SDFFE_PP1P_'.
Generating RTLIL representation for module `\$_SDFFE_NP1P_'.
Generating RTLIL representation for module `\$_DFF_PP1_'.
Generating RTLIL representation for module `\$_DFF_NP1_'.
Generating RTLIL representation for module `\$_DFF_PP0_'.
Generating RTLIL representation for module `\$_DFF_NP0_'.
Generating RTLIL representation for module `\$_DFFE_PP1P_'.
Generating RTLIL representation for module `\$_DFFE_NP1P_'.
Generating RTLIL representation for module `\$_DFFE_PP0P_'.
Generating RTLIL representation for module `\$_DFFE_NP0P_'.
Generating RTLIL representation for module `\$lut'.
Successfully finished Verilog frontend.

4.22.2. Continuing TECHMAP pass.
Using template $paramod$12876a77a23933587641472d85bdc8e7478ad1c0\$lut for cells of type $lut.
Using template $paramod$8aa914641d9da3ceaab54a09681d988e5887c82c\$lut for cells of type $lut.
Using template $paramod\$lut\WIDTH=32'00000000000000000000000000000011\LUT=8'00010000 for cells of type $lut.
Using template $paramod$4b4b0d164889d1f0429c06b8785349a50e11c667\$lut for cells of type $lut.
Using template $paramod$c9be9a0be1d6f39f2182dc3746c8e04cf71b1266\$lut for cells of type $lut.
Using template $paramod\$lut\WIDTH=32'00000000000000000000000000000011\LUT=8'00000001 for cells of type $lut.
Using template $paramod$d89ad5f61fe4534f986680a17815b592436374f4\$lut for cells of type $lut.
Using template $paramod$05c363abf9bf41737697db9a75c379869832d91c\$lut for cells of type $lut.
Using template $paramod$1a95e0da14fff355d7b4438b7358c951bbb08ccd\$lut for cells of type $lut.
Using template $paramod\$lut\WIDTH=32'00000000000000000000000000000011\LUT=8'01000000 for cells of type $lut.
Using template $paramod$60706ec56213e162b2b50cb37832db0ce0a86ab7\$lut for cells of type $lut.
Using template $paramod$1661fd1d8cfb54ddeba09cd7df814e0fd3aae40f\$lut for cells of type $lut.
Using template $paramod$f9333290b738a242cb30b0de8879c5396e3e6451\$lut for cells of type $lut.
Using template $paramod$b387fab3290e25ea767a91719fc5d941f6d428e9\$lut for cells of type $lut.
Using template $paramod$08772b9c288978ed5d86bdd293ac2e523af134f3\$lut for cells of type $lut.
Using template $paramod$7eab343a4b2076857065e280580ac411a246f823\$lut for cells of type $lut.
Using template $paramod\$lut\WIDTH=32'00000000000000000000000000000011\LUT=8'10000000 for cells of type $lut.
Using template $paramod$197077b00c11589fe99760d60a3c06cb8ac7c1e0\$lut for cells of type $lut.
Using template $paramod$82c0b13701acdc886aede9c55a2dc36d21ba97a1\$lut for cells of type $lut.
Using template $paramod$9664483609d9e726df9697364de1aad825ad3979\$lut for cells of type $lut.
Using template $paramod$d819ab74acec6b9b4ec2af5ce5f84942f1d0c5eb\$lut for cells of type $lut.
Using template $paramod$08fa8c84b464c651cef5d171d399e63c8b708611\$lut for cells of type $lut.
Using template $paramod$35db91278e6deaedf2effa47b1f16778d2392bda\$lut for cells of type $lut.
Using template $paramod$6f2d098743c7ed9dba5cdcf9924a7dfb12e098eb\$lut for cells of type $lut.
Using template $paramod$cc7dce79a6c034945d914e06bca08a33e61e3cfc\$lut for cells of type $lut.
Using template $paramod$39e8ac067194e566fce4da06d1ab14ed9313f623\$lut for cells of type $lut.
Using template $paramod$7822cdbaefcc0c718a77afc73597b2712b99efc6\$lut for cells of type $lut.
Using template $paramod$74a7ceaf7e97de72a1b76361b57dc149334de002\$lut for cells of type $lut.
Using template $paramod$492fe769b5790a32bb65ac1df35b96d26d460374\$lut for cells of type $lut.
No more expansions possible.
<suppressed ~452 debug messages>

4.23. Executing OPT_LUT_INS pass (discard unused LUT inputs).
Optimizing LUTs in top.
  Optimizing lut $abc$856$auto$blifparse.cc:525:parse_blif$875.genblk1.genblk1.genblk1.genblk1.genblk1.lut0 (4 -> 0)
  Optimizing lut $abc$856$auto$blifparse.cc:525:parse_blif$869.genblk1.genblk1.genblk1.genblk1.genblk1.lut0 (4 -> 0)
  Optimizing lut $abc$856$auto$blifparse.cc:525:parse_blif$872.genblk1.genblk1.genblk1.genblk1.genblk1.lut0 (4 -> 0)
  Optimizing lut $abc$856$auto$blifparse.cc:525:parse_blif$865.genblk1.genblk1.genblk1.genblk1.genblk1.lut1 (4 -> 0)

4.24. Executing SETUNDEF pass (replace undef values with defined constants).

4.25. Executing HILOMAP pass (mapping to constant drivers).
Removed 0 unused cells and 110 unused wires.

4.26. Executing AUTONAME pass.
Renamed 303 objects in module top (15 iterations).
<suppressed ~132 debug messages>

4.27. Executing HIERARCHY pass (managing design hierarchy).

4.27.1. Analyzing design hierarchy..
Top module:  \top

4.27.2. Analyzing design hierarchy..
Top module:  \top
Removed 0 unused modules.

4.28. Printing statistics.

=== top ===

   Number of wires:                 51
   Number of wire bits:            151
   Number of public wires:          51
   Number of public wire bits:     151
   Number of memories:               0
   Number of memory bits:            0
   Number of processes:              0
   Number of cells:                 93
     ALU                             6
     GND                             1
     IBUF                           18
     LUT1                            4
     LUT3                            9
     LUT4                           27
     MUX2_LUT5                      12
     OBUF                           15
     VCC                             1

4.29. Executing CHECK pass (checking for obvious problems).
Checking module top...
Found and reported 0 problems.

4.30. Executing JSON backend.

End of script. Logfile hash: 96f749ee9f
Yosys 0.26+1 (git sha1 b1a011138, x86_64-w64-mingw32-g++ 9.2.1 -Os)
Time spent: 1% 17x opt_expr (0 sec), 1% 14x opt_clean (0 sec), ...
